<?xml version="1.0" encoding="UTF-8"?>
<testsuites name="jest tests" tests="2" failures="0" errors="0" time="4.197">
  <testsuite name="Test &quot;channels&quot; service" errors="0" failures="0" skipped="1" timestamp="2023-02-12T23:18:27" time="3.624" tests="1">
    <testcase classname="Test &quot;channels&quot; service Test hooks Test before &quot;create&quot; hook should add quantity with zero" name="Test &quot;channels&quot; service Test hooks Test before &quot;create&quot; hook should add quantity with zero" time="0">
      <skipped/>
    </testcase>
  </testsuite>
  <testsuite name="Test &quot;messages&quot; service" errors="0" failures="0" skipped="1" timestamp="2023-02-12T23:18:27" time="3.797" tests="1">
    <testcase classname="Test &quot;messages&quot; service Test hooks Test before &quot;create&quot; hook should add quantity with zero" name="Test &quot;messages&quot; service Test hooks Test before &quot;create&quot; hook should add quantity with zero" time="0">
      <skipped/>
    </testcase>
  </testsuite>
</testsuites>